# serializer version: 1
# name: test_camera[camera.mock_title]
  StateSnapshot({
    'attributes': ReadOnlyDict({
      'access_token': 'f794a362a9301e948101c57a39018f782d55feb43ed0aceefdec9f7ec6e7bf1f',
      'entity_picture': '/api/camera_proxy/camera.mock_title?token=f794a362a9301e948101c57a39018f782d55feb43ed0aceefdec9f7ec6e7bf1f',
      'friendly_name': 'Mock Title',
      'supported_features': <CameraEntityFeature: 0>,
    }),
    'context': <ANY>,
    'entity_id': 'camera.mock_title',
    'last_changed': <ANY>,
    'last_reported': <ANY>,
    'last_updated': <ANY>,
    'state': 'idle',
  })
# ---
